mode: set
bitbucket.org/JerichoBaisa/bookings-go-v2/internal/render/render.go:21.40,23.2 1 1
bitbucket.org/JerichoBaisa/bookings-go-v2/internal/render/render.go:25.82,31.2 5 1
bitbucket.org/JerichoBaisa/bookings-go-v2/internal/render/render.go:34.104,38.18 2 1
bitbucket.org/JerichoBaisa/bookings-go-v2/internal/render/render.go:38.18,41.3 1 1
bitbucket.org/JerichoBaisa/bookings-go-v2/internal/render/render.go:41.8,43.3 1 0
bitbucket.org/JerichoBaisa/bookings-go-v2/internal/render/render.go:46.2,47.9 2 1
bitbucket.org/JerichoBaisa/bookings-go-v2/internal/render/render.go:47.9,49.3 1 1
bitbucket.org/JerichoBaisa/bookings-go-v2/internal/render/render.go:51.2,56.16 4 1
bitbucket.org/JerichoBaisa/bookings-go-v2/internal/render/render.go:56.16,58.3 1 0
bitbucket.org/JerichoBaisa/bookings-go-v2/internal/render/render.go:61.2,62.16 2 1
bitbucket.org/JerichoBaisa/bookings-go-v2/internal/render/render.go:62.16,65.3 2 0
bitbucket.org/JerichoBaisa/bookings-go-v2/internal/render/render.go:67.2,67.12 1 1
bitbucket.org/JerichoBaisa/bookings-go-v2/internal/render/render.go:72.67,78.16 3 1
bitbucket.org/JerichoBaisa/bookings-go-v2/internal/render/render.go:78.16,80.3 1 0
bitbucket.org/JerichoBaisa/bookings-go-v2/internal/render/render.go:83.2,83.29 1 1
bitbucket.org/JerichoBaisa/bookings-go-v2/internal/render/render.go:83.29,86.17 3 1
bitbucket.org/JerichoBaisa/bookings-go-v2/internal/render/render.go:86.17,88.4 1 0
bitbucket.org/JerichoBaisa/bookings-go-v2/internal/render/render.go:90.3,91.17 2 1
bitbucket.org/JerichoBaisa/bookings-go-v2/internal/render/render.go:91.17,93.4 1 0
bitbucket.org/JerichoBaisa/bookings-go-v2/internal/render/render.go:95.3,95.23 1 1
bitbucket.org/JerichoBaisa/bookings-go-v2/internal/render/render.go:95.23,97.18 2 1
bitbucket.org/JerichoBaisa/bookings-go-v2/internal/render/render.go:97.18,99.5 1 0
bitbucket.org/JerichoBaisa/bookings-go-v2/internal/render/render.go:102.3,102.21 1 1
bitbucket.org/JerichoBaisa/bookings-go-v2/internal/render/render.go:105.2,105.21 1 1
bitbucket.org/JerichoBaisa/bookings-go-v2/internal/render/render_1.go:11.62,14.16 3 0
bitbucket.org/JerichoBaisa/bookings-go-v2/internal/render/render_1.go:14.16,17.3 2 0
bitbucket.org/JerichoBaisa/bookings-go-v2/internal/render/render_1.go:23.55,28.12 4 0
bitbucket.org/JerichoBaisa/bookings-go-v2/internal/render/render_1.go:28.12,32.17 3 0
bitbucket.org/JerichoBaisa/bookings-go-v2/internal/render/render_1.go:32.17,34.4 1 0
bitbucket.org/JerichoBaisa/bookings-go-v2/internal/render/render_1.go:35.8,38.3 1 0
bitbucket.org/JerichoBaisa/bookings-go-v2/internal/render/render_1.go:40.2,42.16 3 0
bitbucket.org/JerichoBaisa/bookings-go-v2/internal/render/render_1.go:42.16,44.3 1 0
bitbucket.org/JerichoBaisa/bookings-go-v2/internal/render/render_1.go:48.43,56.16 3 0
bitbucket.org/JerichoBaisa/bookings-go-v2/internal/render/render_1.go:56.16,58.3 1 0
bitbucket.org/JerichoBaisa/bookings-go-v2/internal/render/render_1.go:61.2,63.12 2 0
