mode: set
bitbucket.org/JerichoBaisa/bookings-go-v2/internal/handlers/handlers.go:33.62,38.2 1 0
bitbucket.org/JerichoBaisa/bookings-go-v2/internal/handlers/handlers.go:41.51,46.2 1 1
bitbucket.org/JerichoBaisa/bookings-go-v2/internal/handlers/handlers.go:49.33,51.2 1 1
bitbucket.org/JerichoBaisa/bookings-go-v2/internal/handlers/handlers.go:53.67,58.2 1 1
bitbucket.org/JerichoBaisa/bookings-go-v2/internal/handlers/handlers.go:61.68,66.2 1 1
bitbucket.org/JerichoBaisa/bookings-go-v2/internal/handlers/handlers.go:68.82,70.2 1 1
bitbucket.org/JerichoBaisa/bookings-go-v2/internal/handlers/handlers.go:72.79,74.2 1 1
bitbucket.org/JerichoBaisa/bookings-go-v2/internal/handlers/handlers.go:76.81,79.9 2 1
bitbucket.org/JerichoBaisa/bookings-go-v2/internal/handlers/handlers.go:79.9,84.3 3 1
bitbucket.org/JerichoBaisa/bookings-go-v2/internal/handlers/handlers.go:86.2,87.16 2 1
bitbucket.org/JerichoBaisa/bookings-go-v2/internal/handlers/handlers.go:87.16,91.3 3 1
bitbucket.org/JerichoBaisa/bookings-go-v2/internal/handlers/handlers.go:92.2,109.4 10 1
bitbucket.org/JerichoBaisa/bookings-go-v2/internal/handlers/handlers.go:113.82,117.9 2 1
bitbucket.org/JerichoBaisa/bookings-go-v2/internal/handlers/handlers.go:117.9,121.3 3 1
bitbucket.org/JerichoBaisa/bookings-go-v2/internal/handlers/handlers.go:123.2,124.16 2 1
bitbucket.org/JerichoBaisa/bookings-go-v2/internal/handlers/handlers.go:124.16,128.3 3 1
bitbucket.org/JerichoBaisa/bookings-go-v2/internal/handlers/handlers.go:130.2,142.19 9 1
bitbucket.org/JerichoBaisa/bookings-go-v2/internal/handlers/handlers.go:142.19,155.3 6 1
bitbucket.org/JerichoBaisa/bookings-go-v2/internal/handlers/handlers.go:157.2,158.16 2 1
bitbucket.org/JerichoBaisa/bookings-go-v2/internal/handlers/handlers.go:158.16,162.3 3 1
bitbucket.org/JerichoBaisa/bookings-go-v2/internal/handlers/handlers.go:164.2,173.16 3 1
bitbucket.org/JerichoBaisa/bookings-go-v2/internal/handlers/handlers.go:173.16,177.3 3 1
bitbucket.org/JerichoBaisa/bookings-go-v2/internal/handlers/handlers.go:180.2,220.66 8 1
bitbucket.org/JerichoBaisa/bookings-go-v2/internal/handlers/handlers.go:225.81,227.9 2 1
bitbucket.org/JerichoBaisa/bookings-go-v2/internal/handlers/handlers.go:227.9,231.3 3 1
bitbucket.org/JerichoBaisa/bookings-go-v2/internal/handlers/handlers.go:233.2,247.4 9 1
bitbucket.org/JerichoBaisa/bookings-go-v2/internal/handlers/handlers.go:251.84,254.2 1 1
bitbucket.org/JerichoBaisa/bookings-go-v2/internal/handlers/handlers.go:257.85,260.16 2 1
bitbucket.org/JerichoBaisa/bookings-go-v2/internal/handlers/handlers.go:260.16,264.3 3 1
bitbucket.org/JerichoBaisa/bookings-go-v2/internal/handlers/handlers.go:266.2,274.16 5 1
bitbucket.org/JerichoBaisa/bookings-go-v2/internal/handlers/handlers.go:274.16,278.3 3 1
bitbucket.org/JerichoBaisa/bookings-go-v2/internal/handlers/handlers.go:280.2,281.16 2 1
bitbucket.org/JerichoBaisa/bookings-go-v2/internal/handlers/handlers.go:281.16,285.3 3 1
bitbucket.org/JerichoBaisa/bookings-go-v2/internal/handlers/handlers.go:287.2,288.16 2 1
bitbucket.org/JerichoBaisa/bookings-go-v2/internal/handlers/handlers.go:288.16,292.3 3 0
bitbucket.org/JerichoBaisa/bookings-go-v2/internal/handlers/handlers.go:294.2,294.26 1 1
bitbucket.org/JerichoBaisa/bookings-go-v2/internal/handlers/handlers.go:294.26,296.3 1 1
bitbucket.org/JerichoBaisa/bookings-go-v2/internal/handlers/handlers.go:298.2,298.21 1 1
bitbucket.org/JerichoBaisa/bookings-go-v2/internal/handlers/handlers.go:298.21,303.3 4 1
bitbucket.org/JerichoBaisa/bookings-go-v2/internal/handlers/handlers.go:305.2,316.4 5 1
bitbucket.org/JerichoBaisa/bookings-go-v2/internal/handlers/handlers.go:321.73,325.16 3 1
bitbucket.org/JerichoBaisa/bookings-go-v2/internal/handlers/handlers.go:325.16,329.3 3 1
bitbucket.org/JerichoBaisa/bookings-go-v2/internal/handlers/handlers.go:331.2,332.9 2 1
bitbucket.org/JerichoBaisa/bookings-go-v2/internal/handlers/handlers.go:332.9,336.3 3 1
bitbucket.org/JerichoBaisa/bookings-go-v2/internal/handlers/handlers.go:338.2,342.63 3 1
bitbucket.org/JerichoBaisa/bookings-go-v2/internal/handlers/handlers.go:355.85,358.16 2 1
bitbucket.org/JerichoBaisa/bookings-go-v2/internal/handlers/handlers.go:358.16,371.3 5 1
bitbucket.org/JerichoBaisa/bookings-go-v2/internal/handlers/handlers.go:373.2,378.16 5 1
bitbucket.org/JerichoBaisa/bookings-go-v2/internal/handlers/handlers.go:378.16,388.3 5 1
bitbucket.org/JerichoBaisa/bookings-go-v2/internal/handlers/handlers.go:389.2,390.16 2 1
bitbucket.org/JerichoBaisa/bookings-go-v2/internal/handlers/handlers.go:390.16,400.3 5 1
bitbucket.org/JerichoBaisa/bookings-go-v2/internal/handlers/handlers.go:402.2,403.16 2 1
bitbucket.org/JerichoBaisa/bookings-go-v2/internal/handlers/handlers.go:403.16,413.3 5 1
bitbucket.org/JerichoBaisa/bookings-go-v2/internal/handlers/handlers.go:415.2,416.16 2 1
bitbucket.org/JerichoBaisa/bookings-go-v2/internal/handlers/handlers.go:416.16,426.3 5 1
bitbucket.org/JerichoBaisa/bookings-go-v2/internal/handlers/handlers.go:428.2,429.11 2 1
bitbucket.org/JerichoBaisa/bookings-go-v2/internal/handlers/handlers.go:429.11,431.3 1 1
bitbucket.org/JerichoBaisa/bookings-go-v2/internal/handlers/handlers.go:433.2,444.14 4 1
bitbucket.org/JerichoBaisa/bookings-go-v2/internal/handlers/handlers.go:449.71,457.16 6 1
bitbucket.org/JerichoBaisa/bookings-go-v2/internal/handlers/handlers.go:457.16,461.3 3 1
bitbucket.org/JerichoBaisa/bookings-go-v2/internal/handlers/handlers.go:463.2,464.16 2 1
bitbucket.org/JerichoBaisa/bookings-go-v2/internal/handlers/handlers.go:464.16,468.3 3 1
bitbucket.org/JerichoBaisa/bookings-go-v2/internal/handlers/handlers.go:470.2,473.16 3 1
bitbucket.org/JerichoBaisa/bookings-go-v2/internal/handlers/handlers.go:473.16,477.3 3 1
bitbucket.org/JerichoBaisa/bookings-go-v2/internal/handlers/handlers.go:479.2,486.63 6 1
bitbucket.org/JerichoBaisa/bookings-go-v2/internal/handlers/handlers.go:491.75,495.2 1 1
bitbucket.org/JerichoBaisa/bookings-go-v2/internal/handlers/handlers.go:498.76,502.16 3 1
bitbucket.org/JerichoBaisa/bookings-go-v2/internal/handlers/handlers.go:502.16,506.3 3 0
bitbucket.org/JerichoBaisa/bookings-go-v2/internal/handlers/handlers.go:508.2,514.19 6 1
bitbucket.org/JerichoBaisa/bookings-go-v2/internal/handlers/handlers.go:514.19,520.3 2 1
bitbucket.org/JerichoBaisa/bookings-go-v2/internal/handlers/handlers.go:522.2,523.16 2 1
bitbucket.org/JerichoBaisa/bookings-go-v2/internal/handlers/handlers.go:523.16,527.3 3 1
bitbucket.org/JerichoBaisa/bookings-go-v2/internal/handlers/handlers.go:529.2,532.47 3 1
bitbucket.org/JerichoBaisa/bookings-go-v2/internal/handlers/handlers.go:548.69,553.2 3 1
bitbucket.org/JerichoBaisa/bookings-go-v2/internal/handlers/handlers.go:556.77,558.2 1 1
bitbucket.org/JerichoBaisa/bookings-go-v2/internal/handlers/handlers.go:561.83,564.16 2 1
bitbucket.org/JerichoBaisa/bookings-go-v2/internal/handlers/handlers.go:564.16,569.3 4 0
bitbucket.org/JerichoBaisa/bookings-go-v2/internal/handlers/handlers.go:571.2,575.4 3 1
bitbucket.org/JerichoBaisa/bookings-go-v2/internal/handlers/handlers.go:579.83,582.16 2 1
bitbucket.org/JerichoBaisa/bookings-go-v2/internal/handlers/handlers.go:582.16,586.3 3 0
bitbucket.org/JerichoBaisa/bookings-go-v2/internal/handlers/handlers.go:588.2,592.4 3 1
bitbucket.org/JerichoBaisa/bookings-go-v2/internal/handlers/handlers.go:595.83,598.16 3 1
bitbucket.org/JerichoBaisa/bookings-go-v2/internal/handlers/handlers.go:598.16,601.3 2 0
bitbucket.org/JerichoBaisa/bookings-go-v2/internal/handlers/handlers.go:603.2,615.16 9 1
bitbucket.org/JerichoBaisa/bookings-go-v2/internal/handlers/handlers.go:615.16,619.3 3 0
bitbucket.org/JerichoBaisa/bookings-go-v2/internal/handlers/handlers.go:621.2,627.4 3 1
bitbucket.org/JerichoBaisa/bookings-go-v2/internal/handlers/handlers.go:631.87,633.16 2 0
bitbucket.org/JerichoBaisa/bookings-go-v2/internal/handlers/handlers.go:633.16,637.3 3 0
bitbucket.org/JerichoBaisa/bookings-go-v2/internal/handlers/handlers.go:638.2,640.16 3 0
bitbucket.org/JerichoBaisa/bookings-go-v2/internal/handlers/handlers.go:640.16,643.3 2 0
bitbucket.org/JerichoBaisa/bookings-go-v2/internal/handlers/handlers.go:645.2,651.16 5 0
bitbucket.org/JerichoBaisa/bookings-go-v2/internal/handlers/handlers.go:651.16,655.3 3 0
bitbucket.org/JerichoBaisa/bookings-go-v2/internal/handlers/handlers.go:657.2,663.16 6 0
bitbucket.org/JerichoBaisa/bookings-go-v2/internal/handlers/handlers.go:663.16,667.3 3 0
bitbucket.org/JerichoBaisa/bookings-go-v2/internal/handlers/handlers.go:669.2,674.16 4 0
bitbucket.org/JerichoBaisa/bookings-go-v2/internal/handlers/handlers.go:674.16,676.3 1 0
bitbucket.org/JerichoBaisa/bookings-go-v2/internal/handlers/handlers.go:676.8,678.3 1 0
bitbucket.org/JerichoBaisa/bookings-go-v2/internal/handlers/handlers.go:685.86,690.16 4 0
bitbucket.org/JerichoBaisa/bookings-go-v2/internal/handlers/handlers.go:690.16,692.3 1 0
bitbucket.org/JerichoBaisa/bookings-go-v2/internal/handlers/handlers.go:694.2,699.16 4 0
bitbucket.org/JerichoBaisa/bookings-go-v2/internal/handlers/handlers.go:699.16,701.3 1 0
bitbucket.org/JerichoBaisa/bookings-go-v2/internal/handlers/handlers.go:701.8,703.3 1 0
bitbucket.org/JerichoBaisa/bookings-go-v2/internal/handlers/handlers.go:708.85,713.16 4 0
bitbucket.org/JerichoBaisa/bookings-go-v2/internal/handlers/handlers.go:713.16,715.3 1 0
bitbucket.org/JerichoBaisa/bookings-go-v2/internal/handlers/handlers.go:717.2,722.16 4 0
bitbucket.org/JerichoBaisa/bookings-go-v2/internal/handlers/handlers.go:722.16,724.3 1 0
bitbucket.org/JerichoBaisa/bookings-go-v2/internal/handlers/handlers.go:724.8,726.3 1 0
bitbucket.org/JerichoBaisa/bookings-go-v2/internal/handlers/handlers.go:731.88,735.34 2 0
bitbucket.org/JerichoBaisa/bookings-go-v2/internal/handlers/handlers.go:735.34,740.3 3 0
bitbucket.org/JerichoBaisa/bookings-go-v2/internal/handlers/handlers.go:742.2,774.16 23 0
bitbucket.org/JerichoBaisa/bookings-go-v2/internal/handlers/handlers.go:774.16,778.3 3 0
bitbucket.org/JerichoBaisa/bookings-go-v2/internal/handlers/handlers.go:780.2,782.26 2 0
bitbucket.org/JerichoBaisa/bookings-go-v2/internal/handlers/handlers.go:782.26,787.72 3 0
bitbucket.org/JerichoBaisa/bookings-go-v2/internal/handlers/handlers.go:787.72,790.4 2 0
bitbucket.org/JerichoBaisa/bookings-go-v2/internal/handlers/handlers.go:793.3,794.17 2 0
bitbucket.org/JerichoBaisa/bookings-go-v2/internal/handlers/handlers.go:794.17,797.4 2 0
bitbucket.org/JerichoBaisa/bookings-go-v2/internal/handlers/handlers.go:799.3,799.34 1 0
bitbucket.org/JerichoBaisa/bookings-go-v2/internal/handlers/handlers.go:799.34,800.27 1 0
bitbucket.org/JerichoBaisa/bookings-go-v2/internal/handlers/handlers.go:800.27,802.71 1 0
bitbucket.org/JerichoBaisa/bookings-go-v2/internal/handlers/handlers.go:802.71,804.6 1 0
bitbucket.org/JerichoBaisa/bookings-go-v2/internal/handlers/handlers.go:805.10,808.5 1 0
bitbucket.org/JerichoBaisa/bookings-go-v2/internal/handlers/handlers.go:811.3,814.78 3 0
bitbucket.org/JerichoBaisa/bookings-go-v2/internal/handlers/handlers.go:817.2,821.4 1 0
bitbucket.org/JerichoBaisa/bookings-go-v2/internal/handlers/handlers.go:825.92,828.16 2 0
bitbucket.org/JerichoBaisa/bookings-go-v2/internal/handlers/handlers.go:828.16,831.3 2 0
bitbucket.org/JerichoBaisa/bookings-go-v2/internal/handlers/handlers.go:833.2,838.16 4 0
bitbucket.org/JerichoBaisa/bookings-go-v2/internal/handlers/handlers.go:838.16,841.3 2 0
bitbucket.org/JerichoBaisa/bookings-go-v2/internal/handlers/handlers.go:843.2,845.26 2 0
bitbucket.org/JerichoBaisa/bookings-go-v2/internal/handlers/handlers.go:845.26,849.35 2 0
bitbucket.org/JerichoBaisa/bookings-go-v2/internal/handlers/handlers.go:849.35,851.35 1 0
bitbucket.org/JerichoBaisa/bookings-go-v2/internal/handlers/handlers.go:851.35,854.16 1 0
bitbucket.org/JerichoBaisa/bookings-go-v2/internal/handlers/handlers.go:854.16,855.66 1 0
bitbucket.org/JerichoBaisa/bookings-go-v2/internal/handlers/handlers.go:855.66,858.21 3 0
bitbucket.org/JerichoBaisa/bookings-go-v2/internal/handlers/handlers.go:858.21,860.8 1 0
bitbucket.org/JerichoBaisa/bookings-go-v2/internal/handlers/handlers.go:871.2,871.34 1 0
bitbucket.org/JerichoBaisa/bookings-go-v2/internal/handlers/handlers.go:871.34,873.43 1 0
bitbucket.org/JerichoBaisa/bookings-go-v2/internal/handlers/handlers.go:873.43,880.18 5 0
bitbucket.org/JerichoBaisa/bookings-go-v2/internal/handlers/handlers.go:880.18,882.5 1 0
bitbucket.org/JerichoBaisa/bookings-go-v2/internal/handlers/handlers.go:886.2,887.110 2 0
bitbucket.org/JerichoBaisa/bookings-go-v2/internal/handlers/handlers.go:892.74,905.2 4 1
bitbucket.org/JerichoBaisa/bookings-go-v2/internal/handlers/handlers.go:907.73,909.2 1 1
